// Jest Snapshot v1, https://goo.gl/fbAQLP

exports[`<StudentLink /> should match the StudentLink snapshot 1`] = `
ShallowWrapper {
  "complexSelector": ComplexSelector {
    "buildPredicate": [Function],
    "childrenOfNode": [Function],
    "findWhereUnwrapped": [Function],
  },
  "length": 1,
  "node": <div
    className="student-card"
>
    <div
        className="delete-student-btn"
        onClick={[Function]}
    >
        <img
            className="delete-icon"
            height="20px"
            src="../lib/assets/close-circular-button-of-a-cross.svg"
            width="20px"
        />
    </div>
    <Link
        className="student-name"
        replace={false}
        to="/students/undefined"
    />
</div>,
  "nodes": Array [
    <div
      className="student-card"
>
      <div
            className="delete-student-btn"
            onClick={[Function]}
      >
            <img
                  className="delete-icon"
                  height="20px"
                  src="../lib/assets/close-circular-button-of-a-cross.svg"
                  width="20px"
            />
      </div>
      <Link
            className="student-name"
            replace={false}
            to="/students/undefined"
      />
</div>,
  ],
  "options": Object {},
  "renderer": ReactShallowRenderer {
    "_instance": ShallowComponentWrapper {
      "_calledComponentWillUnmount": false,
      "_compositeType": 2,
      "_context": Object {},
      "_currentElement": <StudentLink />,
      "_debugID": 7,
      "_hostContainerInfo": null,
      "_hostParent": null,
      "_instance": StatelessComponent {
        "_reactInternalInstance": [Circular],
        "context": Object {},
        "props": Object {},
        "refs": Object {},
        "state": null,
        "updater": Object {
          "enqueueCallback": [Function],
          "enqueueCallbackInternal": [Function],
          "enqueueElementInternal": [Function],
          "enqueueForceUpdate": [Function],
          "enqueueReplaceState": [Function],
          "enqueueSetState": [Function],
          "isMounted": [Function],
          "validateCallback": [Function],
        },
      },
      "_mountOrder": 4,
      "_pendingCallbacks": null,
      "_pendingElement": null,
      "_pendingForceUpdate": false,
      "_pendingReplaceState": false,
      "_pendingStateQueue": null,
      "_renderedComponent": NoopInternalComponent {
        "_currentElement": <div
          className="student-card"
>
          <div
                    className="delete-student-btn"
                    onClick={[Function]}
          >
                    <img
                              className="delete-icon"
                              height="20px"
                              src="../lib/assets/close-circular-button-of-a-cross.svg"
                              width="20px"
                    />
          </div>
          <Link
                    className="student-name"
                    replace={false}
                    to="/students/undefined"
          />
</div>,
        "_debugID": 8,
        "_renderedOutput": <div
          className="student-card"
>
          <div
                    className="delete-student-btn"
                    onClick={[Function]}
          >
                    <img
                              className="delete-icon"
                              height="20px"
                              src="../lib/assets/close-circular-button-of-a-cross.svg"
                              width="20px"
                    />
          </div>
          <Link
                    className="student-name"
                    replace={false}
                    to="/students/undefined"
          />
</div>,
      },
      "_renderedNodeType": 0,
      "_rootNodeID": 0,
      "_topLevelWrapper": null,
      "_updateBatchNumber": null,
      "_warnedAboutRefsInRender": false,
    },
    "getRenderOutput": [Function],
    "render": [Function],
  },
  "root": [Circular],
  "unrendered": <StudentLink />,
}
`;
